[    0.000000] microcode: microcode updated early to revision 0x26, date = 2019-11-12
[    0.000000] Linux version 5.15.0-41-generic (buildd@lcy02-amd64-065) (gcc (Ubuntu 11.2.0-19ubuntu1) 11.2.0, GNU ld (GNU Binutils for Ubuntu) 2.38) #44-Ubuntu SMP Wed Jun 22 14:20:53 UTC 2022 (Ubuntu 5.15.0-41.44-generic 5.15.39)
[    0.000000] Command line: BOOT_IMAGE=/boot/vmlinuz-5.15.0-41-generic root=UUID=9ebcdf88-7554-480c-90ce-946ee4d4725f ro quiet splash vt.handoff=7
[    0.000000] KERNEL supported cpus:
[    0.000000]   Intel GenuineIntel
[    0.000000]   AMD AuthenticAMD
[    0.000000]   Hygon HygonGenuine
[    0.000000]   Centaur CentaurHauls
[    0.000000]   zhaoxin   Shanghai  
[    0.000000] x86/fpu: Supporting XSAVE feature 0x001: 'x87 floating point registers'
[    0.000000] x86/fpu: Supporting XSAVE feature 0x002: 'SSE registers'
[    0.000000] x86/fpu: Supporting XSAVE feature 0x004: 'AVX registers'
[    0.000000] x86/fpu: xstate_offset[2]:  576, xstate_sizes[2]:  256
[    0.000000] x86/fpu: Enabled xstate features 0x7, context size is 832 bytes, using 'standard' format.
[    0.000000] signal: max sigframe size: 1776
[    0.000000] BIOS-provided physical RAM map:
[    0.000000] BIOS-e820: [mem 0x0000000000000000-0x000000000006efff] usable
[    0.000000] BIOS-e820: [mem 0x000000000006f000-0x000000000006ffff] reserved
[    0.000000] BIOS-e820: [mem 0x0000000000070000-0x0000000000087fff] usable
[    0.000000] BIOS-e820: [mem 0x0000000000088000-0x00000000000bffff] reserved
[    0.000000] BIOS-e820: [mem 0x0000000000100000-0x0000000094caffff] usable
[    0.000000] BIOS-e820: [mem 0x0000000094cb0000-0x00000000960affff] reserved
[    0.000000] BIOS-e820: [mem 0x00000000960b0000-0x000000009a6befff] usable
[    0.000000] BIOS-e820: [mem 0x000000009a6bf000-0x000000009aebefff] reserved
[    0.000000] BIOS-e820: [mem 0x000000009aebf000-0x000000009afbefff] ACPI NVS
[    0.000000] BIOS-e820: [mem 0x000000009afbf000-0x000000009affefff] ACPI data
[    0.000000] BIOS-e820: [mem 0x000000009afff000-0x000000009affffff] usable
[    0.000000] BIOS-e820: [mem 0x000000009b000000-0x000000009f9fffff] reserved
[    0.000000] BIOS-e820: [mem 0x00000000e0000000-0x00000000efffffff] reserved
[    0.000000] BIOS-e820: [mem 0x00000000fe101000-0x00000000fe112fff] reserved
[    0.000000] BIOS-e820: [mem 0x00000000feb00000-0x00000000feb0ffff] reserved
[    0.000000] BIOS-e820: [mem 0x00000000fec00000-0x00000000fec00fff] reserved
[    0.000000] BIOS-e820: [mem 0x00000000fed00000-0x00000000fee00fff] reserved
[    0.000000] BIOS-e820: [mem 0x00000000ffc00000-0x00000000ffffffff] reserved
[    0.000000] BIOS-e820: [mem 0x0000000100000000-0x000000035f5fffff] usable
[    0.000000] NX (Execute Disable) protection: active
[    0.000000] e820: update [mem 0x93aaf018-0x93abf057] usable ==> usable
[    0.000000] e820: update [mem 0x93aaf018-0x93abf057] usable ==> usable
[    0.000000] e820: update [mem 0x93a9f018-0x93aae057] usable ==> usable
[    0.000000] e820: update [mem 0x93a9f018-0x93aae057] usable ==> usable
[    0.000000] extended physical RAM map:
[    0.000000] reserve setup_data: [mem 0x0000000000000000-0x000000000006efff] usable
[    0.000000] reserve setup_data: [mem 0x000000000006f000-0x000000000006ffff] reserved
[    0.000000] reserve setup_data: [mem 0x0000000000070000-0x0000000000087fff] usable
[    0.000000] reserve setup_data: [mem 0x0000000000088000-0x00000000000bffff] reserved
[    0.000000] reserve setup_data: [mem 0x0000000000100000-0x0000000093a9f017] usable
[    0.000000] reserve setup_data: [mem 0x0000000093a9f018-0x0000000093aae057] usable
[    0.000000] reserve setup_data: [mem 0x0000000093aae058-0x0000000093aaf017] usable
[    0.000000] reserve setup_data: [mem 0x0000000093aaf018-0x0000000093abf057] usable
[    0.000000] reserve setup_data: [mem 0x0000000093abf058-0x0000000094caffff] usable
[    0.000000] reserve setup_data: [mem 0x0000000094cb0000-0x00000000960affff] reserved
[    0.000000] reserve setup_data: [mem 0x00000000960b0000-0x000000009a6befff] usable
[    0.000000] reserve setup_data: [mem 0x000000009a6bf000-0x000000009aebefff] reserved
[    0.000000] reserve setup_data: [mem 0x000000009aebf000-0x000000009afbefff] ACPI NVS
[    0.000000] reserve setup_data: [mem 0x000000009afbf000-0x000000009affefff] ACPI data
[    0.000000] reserve setup_data: [mem 0x000000009afff000-0x000000009affffff] usable
[    0.000000] reserve setup_data: [mem 0x000000009b000000-0x000000009f9fffff] reserved
[    0.000000] reserve setup_data: [mem 0x00000000e0000000-0x00000000efffffff] reserved
[    0.000000] reserve setup_data: [mem 0x00000000fe101000-0x00000000fe112fff] reserved
[    0.000000] reserve setup_data: [mem 0x00000000feb00000-0x00000000feb0ffff] reserved
[    0.000000] reserve setup_data: [mem 0x00000000fec00000-0x00000000fec00fff] reserved
[    0.000000] reserve setup_data: [mem 0x00000000fed00000-0x00000000fee00fff] reserved
[    0.000000] reserve setup_data: [mem 0x00000000ffc00000-0x00000000ffffffff] reserved
[    0.000000] reserve setup_data: [mem 0x0000000100000000-0x000000035f5fffff] usable
[    0.000000] efi: EFI v2.31 by INSYDE Corp.
[    0.000000] efi: ACPI=0x9affe000 ACPI 2.0=0x9affe014 SMBIOS=0x9aebef98 MOKvar=0x981cf000 RNG=0x9a944d18 
[    0.000000] efi: seeding entropy pool
[    0.000000] random: fast init done
[    0.000000] secureboot: Secure boot disabled
[    0.000000] SMBIOS 2.7 present.
[    0.000000] DMI: Acer Aspire E1-572/EA50_HW   , BIOS V2.17 09/02/2014
[    0.000000] tsc: Fast TSC calibration using PIT
[    0.000000] tsc: Detected 2294.608 MHz processor
[    0.000910] e820: update [mem 0x00000000-0x00000fff] usable ==> reserved
[    0.000914] e820: remove [mem 0x000a0000-0x000fffff] usable
[    0.000922] last_pfn = 0x35f600 max_arch_pfn = 0x400000000
[    0.001068] x86/PAT: Configuration [0-7]: WB  WC  UC- UC  WB  WP  UC- WT  
[    0.001790] last_pfn = 0x9b000 max_arch_pfn = 0x400000000
[    0.011037] found SMP MP-table at [mem 0x000fe1b0-0x000fe1bf]
[    0.011058] e820: update [mem 0x981cf000-0x981cffff] usable ==> reserved
[    0.011089] Using GB pages for direct mapping
[    0.012010] secureboot: Secure boot disabled
[    0.012011] RAMDISK: [mem 0x3c04b000-0x3fffdfff]
[    0.012018] ACPI: Early table checksum verification disabled
[    0.012021] ACPI: RSDP 0x000000009AFFE014 000024 (v02 ACRSYS)
[    0.012026] ACPI: XSDT 0x000000009AFFE210 00009C (v01 ACRSYS ACRPRDCT 00000001      01000013)
[    0.012033] ACPI: FACP 0x000000009AFF8000 00010C (v05 ACRSYS ACRPRDCT 00000001 1025 00040000)
[    0.012040] ACPI: DSDT 0x000000009AFE4000 010676 (v01 ACRSYS ACRPRDCT 00000000 1025 00040000)
[    0.012044] ACPI: FACS 0x000000009AFB9000 000040
[    0.012047] ACPI: UEFI 0x000000009AFFD000 000236 (v01 ACRSYS ACRPRDCT 00000001 1025 00040000)
[    0.012051] ACPI: FPDT 0x000000009AFFB000 000044 (v01 ACRSYS ACRPRDCT 00000001 1025 00040000)
[    0.012055] ACPI: ASF! 0x000000009AFF9000 0000A5 (v32 ACRSYS ACRPRDCT 00000001 1025 00040000)
[    0.012059] ACPI: HPET 0x000000009AFF7000 000038 (v01 ACRSYS ACRPRDCT 00000001 1025 00040000)
[    0.012062] ACPI: APIC 0x000000009AFF6000 00008C (v03 ACRSYS ACRPRDCT 00000001 1025 00040000)
[    0.012066] ACPI: MCFG 0x000000009AFF5000 00003C (v01 ACRSYS ACRPRDCT 00000001 1025 00040000)
[    0.012070] ACPI: SSDT 0x000000009AFE1000 002028 (v01 ACRSYS ACRPRDCT 00001000 1025 00040000)
[    0.012074] ACPI: BOOT 0x000000009AFDF000 000028 (v01 ACRSYS ACRPRDCT 00000001 1025 00040000)
[    0.012077] ACPI: ASPT 0x000000009AFDD000 000034 (v07 ACRSYS ACRPRDCT 00000001 1025 00040000)
[    0.012081] ACPI: DBGP 0x000000009AFDC000 000034 (v01 ACRSYS ACRPRDCT 00000001 1025 00040000)
[    0.012085] ACPI: SSDT 0x000000009AFDB000 000539 (v01 ACRSYS ACRPRDCT 00003000 1025 00040000)
[    0.012089] ACPI: SSDT 0x000000009AFDA000 000AD8 (v01 ACRSYS ACRPRDCT 00003000 1025 00040000)
[    0.012092] ACPI: SSDT 0x000000009AFD6000 003B45 (v01 ACRSYS ACRPRDCT 00003000 1025 00040000)
[    0.012096] ACPI: BGRT 0x000000009AFD5000 000038 (v01 ACRSYS ACRPRDCT 00000001 1025 00040000)
[    0.012099] ACPI: Reserving FACP table memory at [mem 0x9aff8000-0x9aff810b]
[    0.012102] ACPI: Reserving DSDT table memory at [mem 0x9afe4000-0x9aff4675]
[    0.012103] ACPI: Reserving FACS table memory at [mem 0x9afb9000-0x9afb903f]
[    0.012104] ACPI: Reserving UEFI table memory at [mem 0x9affd000-0x9affd235]
[    0.012106] ACPI: Reserving FPDT table memory at [mem 0x9affb000-0x9affb043]
[    0.012107] ACPI: Reserving ASF! table memory at [mem 0x9aff9000-0x9aff90a4]
[    0.012108] ACPI: Reserving HPET table memory at [mem 0x9aff7000-0x9aff7037]
[    0.012109] ACPI: Reserving APIC table memory at [mem 0x9aff6000-0x9aff608b]
[    0.012111] ACPI: Reserving MCFG table memory at [mem 0x9aff5000-0x9aff503b]
[    0.012112] ACPI: Reserving SSDT table memory at [mem 0x9afe1000-0x9afe3027]
[    0.012113] ACPI: Reserving BOOT table memory at [mem 0x9afdf000-0x9afdf027]
[    0.012114] ACPI: Reserving ASPT table memory at [mem 0x9afdd000-0x9afdd033]
[    0.012116] ACPI: Reserving DBGP table memory at [mem 0x9afdc000-0x9afdc033]
[    0.012117] ACPI: Reserving SSDT table memory at [mem 0x9afdb000-0x9afdb538]
[    0.012118] ACPI: Reserving SSDT table memory at [mem 0x9afda000-0x9afdaad7]
[    0.012119] ACPI: Reserving SSDT table memory at [mem 0x9afd6000-0x9afd9b44]
[    0.012121] ACPI: Reserving BGRT table memory at [mem 0x9afd5000-0x9afd5037]
[    0.012255] No NUMA configuration found
[    0.012256] Faking a node at [mem 0x0000000000000000-0x000000035f5fffff]
[    0.012269] NODE_DATA(0) allocated [mem 0x35f5d6000-0x35f5fffff]
[    0.012624] Zone ranges:
[    0.012625]   DMA      [mem 0x0000000000001000-0x0000000000ffffff]
[    0.012627]   DMA32    [mem 0x0000000001000000-0x00000000ffffffff]
[    0.012629]   Normal   [mem 0x0000000100000000-0x000000035f5fffff]
[    0.012631]   Device   empty
[    0.012633] Movable zone start for each node
[    0.012636] Early memory node ranges
[    0.012637]   node   0: [mem 0x0000000000001000-0x000000000006efff]
[    0.012639]   node   0: [mem 0x0000000000070000-0x0000000000087fff]
[    0.012640]   node   0: [mem 0x0000000000100000-0x0000000094caffff]
[    0.012642]   node   0: [mem 0x00000000960b0000-0x000000009a6befff]
[    0.012643]   node   0: [mem 0x000000009afff000-0x000000009affffff]
[    0.012644]   node   0: [mem 0x0000000100000000-0x000000035f5fffff]
[    0.012647] Initmem setup node 0 [mem 0x0000000000001000-0x000000035f5fffff]
[    0.012652] On node 0, zone DMA: 1 pages in unavailable ranges
[    0.012654] On node 0, zone DMA: 1 pages in unavailable ranges
[    0.012700] On node 0, zone DMA: 120 pages in unavailable ranges
[    0.019708] On node 0, zone DMA32: 5120 pages in unavailable ranges
[    0.019747] On node 0, zone DMA32: 2368 pages in unavailable ranges
[    0.047701] On node 0, zone Normal: 20480 pages in unavailable ranges
[    0.047742] On node 0, zone Normal: 2560 pages in unavailable ranges
[    0.047750] Reserving Intel graphics memory at [mem 0x9ba00000-0x9f9fffff]
[    0.047863] ACPI: PM-Timer IO Port: 0x1808
[    0.047882] IOAPIC[0]: apic_id 2, version 32, address 0xfec00000, GSI 0-39
[    0.047886] ACPI: INT_SRC_OVR (bus 0 bus_irq 0 global_irq 2 dfl dfl)
[    0.047888] ACPI: INT_SRC_OVR (bus 0 bus_irq 9 global_irq 9 high level)
[    0.047893] ACPI: Using ACPI (MADT) for SMP configuration information
[    0.047894] ACPI: HPET id: 0x8086a201 base: 0xfed00000
[    0.047906] e820: update [mem 0x97db3000-0x97e2dfff] usable ==> reserved
[    0.047919] TSC deadline timer available
[    0.047921] smpboot: Allowing 8 CPUs, 4 hotplug CPUs
[    0.047945] PM: hibernation: Registered nosave memory: [mem 0x00000000-0x00000fff]
[    0.047948] PM: hibernation: Registered nosave memory: [mem 0x0006f000-0x0006ffff]
[    0.047951] PM: hibernation: Registered nosave memory: [mem 0x00088000-0x000bffff]
[    0.047952] PM: hibernation: Registered nosave memory: [mem 0x000c0000-0x000fffff]
[    0.047954] PM: hibernation: Registered nosave memory: [mem 0x93a9f000-0x93a9ffff]
[    0.047956] PM: hibernation: Registered nosave memory: [mem 0x93aae000-0x93aaefff]
[    0.047957] PM: hibernation: Registered nosave memory: [mem 0x93aaf000-0x93aaffff]
[    0.047960] PM: hibernation: Registered nosave memory: [mem 0x93abf000-0x93abffff]
[    0.047962] PM: hibernation: Registered nosave memory: [mem 0x94cb0000-0x960affff]
[    0.047964] PM: hibernation: Registered nosave memory: [mem 0x97db3000-0x97e2dfff]
[    0.047967] PM: hibernation: Registered nosave memory: [mem 0x981cf000-0x981cffff]
[    0.047969] PM: hibernation: Registered nosave memory: [mem 0x9a6bf000-0x9aebefff]
[    0.047970] PM: hibernation: Registered nosave memory: [mem 0x9aebf000-0x9afbefff]
[    0.047971] PM: hibernation: Registered nosave memory: [mem 0x9afbf000-0x9affefff]
[    0.047974] PM: hibernation: Registered nosave memory: [mem 0x9b000000-0x9f9fffff]
[    0.047975] PM: hibernation: Registered nosave memory: [mem 0x9fa00000-0xdfffffff]
[    0.047976] PM: hibernation: Registered nosave memory: [mem 0xe0000000-0xefffffff]
[    0.047977] PM: hibernation: Registered nosave memory: [mem 0xf0000000-0xfe100fff]
[    0.047977] PM: hibernation: Registered nosave memory: [mem 0xfe101000-0xfe112fff]
[    0.047978] PM: hibernation: Registered nosave memory: [mem 0xfe113000-0xfeafffff]
[    0.047979] PM: hibernation: Registered nosave memory: [mem 0xfeb00000-0xfeb0ffff]
[    0.047980] PM: hibernation: Registered nosave memory: [mem 0xfeb10000-0xfebfffff]
[    0.047981] PM: hibernation: Registered nosave memory: [mem 0xfec00000-0xfec00fff]
[    0.047982] PM: hibernation: Registered nosave memory: [mem 0xfec01000-0xfecfffff]
[    0.047983] PM: hibernation: Registered nosave memory: [mem 0xfed00000-0xfee00fff]
[    0.047984] PM: hibernation: Registered nosave memory: [mem 0xfee01000-0xffbfffff]
[    0.047985] PM: hibernation: Registered nosave memory: [mem 0xffc00000-0xffffffff]
[    0.047987] [mem 0x9fa00000-0xdfffffff] available for PCI devices
[    0.047989] Booting paravirtualized kernel on bare hardware
[    0.047992] clocksource: refined-jiffies: mask: 0xffffffff max_cycles: 0xffffffff, max_idle_ns: 7645519600211568 ns
[    0.048002] setup_percpu: NR_CPUS:8192 nr_cpumask_bits:8 nr_cpu_ids:8 nr_node_ids:1
[    0.048299] percpu: Embedded 60 pages/cpu s208896 r8192 d28672 u262144
[    0.048309] pcpu-alloc: s208896 r8192 d28672 u262144 alloc=1*2097152
[    0.048312] pcpu-alloc: [0] 0 1 2 3 4 5 6 7 
[    0.048353] Built 1 zonelists, mobility grouping on.  Total pages: 3066269
[    0.048355] Policy zone: Normal
[    0.048357] Kernel command line: BOOT_IMAGE=/boot/vmlinuz-5.15.0-41-generic root=UUID=9ebcdf88-7554-480c-90ce-946ee4d4725f ro quiet splash vt.handoff=7
[    0.048446] Unknown kernel command line parameters "splash BOOT_IMAGE=/boot/vmlinuz-5.15.0-41-generic", will be passed to user space.
[    0.049377] Dentry cache hash table entries: 2097152 (order: 12, 16777216 bytes, linear)
[    0.049846] Inode-cache hash table entries: 1048576 (order: 11, 8388608 bytes, linear)
[    0.049939] mem auto-init: stack:off, heap alloc:on, heap free:off
[    0.093927] Memory: 11991096K/12460312K available (16393K kernel code, 4381K rwdata, 10796K rodata, 2900K init, 4852K bss, 468956K reserved, 0K cma-reserved)
[    0.093934] random: get_random_u64 called from kmem_cache_open+0x2b/0x320 with crng_init=1
[    0.094103] SLUB: HWalign=64, Order=0-3, MinObjects=0, CPUs=8, Nodes=1
[    0.094118] Kernel/User page tables isolation: enabled
[    0.094141] ftrace: allocating 50452 entries in 198 pages
[    0.113424] ftrace: allocated 198 pages with 4 groups
[    0.113559] rcu: Hierarchical RCU implementation.
[    0.113560] rcu: 	RCU restricting CPUs from NR_CPUS=8192 to nr_cpu_ids=8.
[    0.113562] 	Rude variant of Tasks RCU enabled.
[    0.113563] 	Tracing variant of Tasks RCU enabled.
[    0.113564] rcu: RCU calculated value of scheduler-enlistment delay is 25 jiffies.
[    0.113565] rcu: Adjusting geometry for rcu_fanout_leaf=16, nr_cpu_ids=8
[    0.118079] NR_IRQS: 524544, nr_irqs: 760, preallocated irqs: 16
[    0.118393] random: crng done (trusting CPU's manufacturer)
[    0.118423] Console: colour dummy device 80x25
[    0.118443] printk: console [tty0] enabled
[    0.118466] ACPI: Core revision 20210730
[    0.118628] clocksource: hpet: mask: 0xffffffff max_cycles: 0xffffffff, max_idle_ns: 133484882848 ns
[    0.118640] APIC: Switch to symmetric I/O mode setup
[    0.119235] ..TIMER: vector=0x30 apic1=0 pin1=2 apic2=-1 pin2=-1
[    0.138642] clocksource: tsc-early: mask: 0xffffffffffffffff max_cycles: 0x21134f58f0d, max_idle_ns: 440795217993 ns
[    0.138649] Calibrating delay loop (skipped), value calculated using timer frequency.. 4589.21 BogoMIPS (lpj=9178432)
[    0.138652] pid_max: default: 32768 minimum: 301
[    0.146678] LSM: Security Framework initializing
[    0.146694] landlock: Up and running.
[    0.146695] Yama: becoming mindful.
[    0.146722] AppArmor: AppArmor initialized
[    0.146783] Mount-cache hash table entries: 32768 (order: 6, 262144 bytes, linear)
[    0.146812] Mountpoint-cache hash table entries: 32768 (order: 6, 262144 bytes, linear)
[    0.147096] CPU0: Thermal monitoring enabled (TM1)
[    0.147134] process: using mwait in idle threads
[    0.147137] Last level iTLB entries: 4KB 1024, 2MB 1024, 4MB 1024
[    0.147138] Last level dTLB entries: 4KB 1024, 2MB 1024, 4MB 1024, 1GB 4
[    0.147144] Spectre V1 : Mitigation: usercopy/swapgs barriers and __user pointer sanitization
[    0.147146] Spectre V2 : Mitigation: Retpolines
[    0.147147] Spectre V2 : Spectre v2 / SpectreRSB mitigation: Filling RSB on context switch
[    0.147148] Spectre V2 : Enabling Restricted Speculation for firmware calls
[    0.147149] Spectre V2 : mitigation: Enabling conditional Indirect Branch Prediction Barrier
[    0.147151] Spectre V2 : User space: Mitigation: STIBP via seccomp and prctl
[    0.147152] Speculative Store Bypass: Mitigation: Speculative Store Bypass disabled via prctl and seccomp
[    0.147155] MDS: Mitigation: Clear CPU buffers
[    0.147157] SRBDS: Mitigation: Microcode
[    0.153187] Freeing SMP alternatives memory: 40K
[    0.154734] smpboot: Estimated ratio of average max frequency by base frequency (times 1024): 1024
[    0.154741] smpboot: CPU0: Intel(R) Core(TM) i5-4200U CPU @ 1.60GHz (family: 0x6, model: 0x45, stepping: 0x1)
[    0.154911] Performance Events: PEBS fmt2+, Haswell events, 16-deep LBR, full-width counters, Intel PMU driver.
[    0.154955] ... version:                3
[    0.154956] ... bit width:              48
[    0.154957] ... generic registers:      4
[    0.154958] ... value mask:             0000ffffffffffff
[    0.154959] ... max period:             00007fffffffffff
[    0.154960] ... fixed-purpose events:   3
[    0.154961] ... event mask:             000000070000000f
[    0.155086] rcu: Hierarchical SRCU implementation.
[    0.156105] NMI watchdog: Enabled. Permanently consumes one hw-PMU counter.
[    0.156193] smp: Bringing up secondary CPUs ...
[    0.156297] x86: Booting SMP configuration:
[    0.156298] .... node  #0, CPUs:      #1
[    0.157898] MDS CPU bug present and SMT on, data leak possible. See https://www.kernel.org/doc/html/latest/admin-guide/hw-vuln/mds.html for more details.
[    0.157898]  #2 #3
[    0.160986] smp: Brought up 1 node, 4 CPUs
[    0.160986] smpboot: Max logical packages: 2
[    0.160986] smpboot: Total of 4 processors activated (18356.86 BogoMIPS)
[    0.163272] devtmpfs: initialized
[    0.163272] x86/mm: Memory block size: 128MB
[    0.163712] ACPI: PM: Registering ACPI NVS region [mem 0x9aebf000-0x9afbefff] (1048576 bytes)
[    0.163712] clocksource: jiffies: mask: 0xffffffff max_cycles: 0xffffffff, max_idle_ns: 7645041785100000 ns
[    0.163712] futex hash table entries: 2048 (order: 5, 131072 bytes, linear)
[    0.163712] pinctrl core: initialized pinctrl subsystem
[    0.163712] PM: RTC time: 16:35:30, date: 2022-06-29
[    0.163712] NET: Registered PF_NETLINK/PF_ROUTE protocol family
[    0.163712] DMA: preallocated 2048 KiB GFP_KERNEL pool for atomic allocations
[    0.163712] DMA: preallocated 2048 KiB GFP_KERNEL|GFP_DMA pool for atomic allocations
[    0.163712] DMA: preallocated 2048 KiB GFP_KERNEL|GFP_DMA32 pool for atomic allocations
[    0.163712] audit: initializing netlink subsys (disabled)
[    0.163712] audit: type=2000 audit(1656520530.044:1): state=initialized audit_enabled=0 res=1
[    0.163712] thermal_sys: Registered thermal governor 'fair_share'
[    0.163712] thermal_sys: Registered thermal governor 'bang_bang'
[    0.163712] thermal_sys: Registered thermal governor 'step_wise'
[    0.163712] thermal_sys: Registered thermal governor 'user_space'
[    0.163712] thermal_sys: Registered thermal governor 'power_allocator'
[    0.163712] EISA bus registered
[    0.163712] cpuidle: using governor ladder
[    0.163712] cpuidle: using governor menu
[    0.163712] Simple Boot Flag at 0x44 set to 0x1
[    0.163712] ACPI FADT declares the system doesn't support PCIe ASPM, so disable it
[    0.163712] ACPI: bus type PCI registered
[    0.163712] acpiphp: ACPI Hot Plug PCI Controller Driver version: 0.5
[    0.163712] PCI: MMCONFIG for domain 0000 [bus 00-ff] at [mem 0xe0000000-0xefffffff] (base 0xe0000000)
[    0.163712] PCI: MMCONFIG at [mem 0xe0000000-0xefffffff] reserved in E820
[    0.163712] PCI: Using configuration type 1 for base access
[    0.163712] core: PMU erratum BJ122, BV98, HSD29 worked around, HT is on
[    0.163712] ENERGY_PERF_BIAS: Set to 'normal', was 'performance'
[    0.167618] Kprobes globally optimized
[    0.167623] HugeTLB registered 1.00 GiB page size, pre-allocated 0 pages
[    0.167623] HugeTLB registered 2.00 MiB page size, pre-allocated 0 pages
[    0.167623] ACPI: Added _OSI(Module Device)
[    0.167623] ACPI: Added _OSI(Processor Device)
[    0.167623] ACPI: Added _OSI(3.0 _SCP Extensions)
[    0.167623] ACPI: Added _OSI(Processor Aggregator Device)
[    0.167623] ACPI: Added _OSI(Linux-Dell-Video)
[    0.167623] ACPI: Added _OSI(Linux-Lenovo-NV-HDMI-Audio)
[    0.167623] ACPI: Added _OSI(Linux-HPI-Hybrid-Graphics)
[    0.182304] ACPI: 5 ACPI AML tables successfully acquired and loaded
[    0.184048] ACPI: [Firmware Bug]: BIOS _OSI(Linux) query ignored
[    0.187267] ACPI: Dynamic OEM Table Load:
[    0.187277] ACPI: SSDT 0xFFFF991E00C3F800 0003D3 (v01 PmRef  Cpu0Cst  00003001 INTL 20120913)
[    0.190939] ACPI: Dynamic OEM Table Load:
[    0.190947] ACPI: SSDT 0xFFFF991E0095E000 0005AA (v01 PmRef  ApIst    00003000 INTL 20120913)
[    0.192326] ACPI: Dynamic OEM Table Load:
[    0.192332] ACPI: SSDT 0xFFFF991E001F9800 000119 (v01 PmRef  ApCst    00003000 INTL 20120913)
[    0.194467] ACPI: EC: EC started
[    0.194468] ACPI: EC: interrupt blocked
[    0.238673] ACPI: EC: EC_CMD/EC_SC=0x66, EC_DATA=0x62
[    0.238677] ACPI: \_SB_.PCI0.LPCB.EC0_: Boot DSDT EC used to handle transactions
[    0.238679] ACPI: Interpreter enabled
[    0.238718] ACPI: PM: (supports S0 S3 S4 S5)
[    0.238719] ACPI: Using IOAPIC for interrupt routing
[    0.238754] PCI: Using host bridge windows from ACPI; if necessary, use "pci=nocrs" and report a bug
[    0.239293] ACPI: Enabled 8 GPEs in block 00 to 7F
[    0.282989] ACPI: PCI Root Bridge [PCI0] (domain 0000 [bus 00-fe])
[    0.282998] acpi PNP0A08:00: _OSC: OS supports [ExtendedConfig ASPM ClockPM Segments MSI HPX-Type3]
[    0.283586] acpi PNP0A08:00: _OSC: OS now controls [PCIeHotplug SHPCHotplug PME AER PCIeCapability LTR]
[    0.283588] acpi PNP0A08:00: FADT indicates ASPM is unsupported, using BIOS configuration
[    0.284594] PCI host bridge to bus 0000:00
[    0.284598] pci_bus 0000:00: root bus resource [bus 00-fe]
[    0.284600] pci_bus 0000:00: root bus resource [io  0x0000-0x0cf7 window]
[    0.284602] pci_bus 0000:00: root bus resource [io  0x0d00-0xffff window]
[    0.284604] pci_bus 0000:00: root bus resource [mem 0x000a0000-0x000bffff window]
[    0.284605] pci_bus 0000:00: root bus resource [mem 0x9fa00000-0xfeafffff window]
[    0.284786] pci 0000:00:00.0: [8086:0a04] type 00 class 0x060000
[    0.285361] pci 0000:00:02.0: [8086:0a16] type 00 class 0x030000
[    0.285371] pci 0000:00:02.0: reg 0x10: [mem 0xb0000000-0xb03fffff 64bit]
[    0.285378] pci 0000:00:02.0: reg 0x18: [mem 0xa0000000-0xafffffff 64bit pref]
[    0.285383] pci 0000:00:02.0: reg 0x20: [io  0x3000-0x303f]
[    0.285397] pci 0000:00:02.0: BAR 2: assigned to efifb
[    0.285400] pci 0000:00:02.0: Video device with shadowed ROM at [mem 0x000c0000-0x000dffff]
[    0.285821] pci 0000:00:03.0: [8086:0a0c] type 00 class 0x040300
[    0.285831] pci 0000:00:03.0: reg 0x10: [mem 0xb0610000-0xb0613fff 64bit]
[    0.286280] pci 0000:00:14.0: [8086:9c31] type 00 class 0x0c0330
[    0.286296] pci 0000:00:14.0: reg 0x10: [mem 0xb0600000-0xb060ffff 64bit]
[    0.286350] pci 0000:00:14.0: PME# supported from D3hot D3cold
[    0.286600] pci 0000:00:16.0: [8086:9c3a] type 00 class 0x078000
[    0.286617] pci 0000:00:16.0: reg 0x10: [mem 0xb0618000-0xb061801f 64bit]
[    0.286674] pci 0000:00:16.0: PME# supported from D0 D3hot D3cold
[    0.287234] pci 0000:00:1b.0: [8086:9c20] type 00 class 0x040300
[    0.287250] pci 0000:00:1b.0: reg 0x10: [mem 0xb0614000-0xb0617fff 64bit]
[    0.287315] pci 0000:00:1b.0: PME# supported from D0 D3hot D3cold
[    0.287733] pci 0000:00:1c.0: [8086:9c14] type 01 class 0x060400
[    0.287805] pci 0000:00:1c.0: PME# supported from D0 D3hot D3cold
[    0.288533] pci 0000:00:1c.3: [8086:9c16] type 01 class 0x060400
[    0.288606] pci 0000:00:1c.3: PME# supported from D0 D3hot D3cold
[    0.289034] pci 0000:00:1d.0: [8086:9c26] type 00 class 0x0c0320
[    0.289789] pci 0000:00:1d.0: reg 0x10: [mem 0xb061c000-0xb061c3ff]
[    0.290874] pci 0000:00:1d.0: PME# supported from D0 D3hot D3cold
[    0.291300] pci 0000:00:1f.0: [8086:9c43] type 00 class 0x060100
[    0.291814] pci 0000:00:1f.2: [8086:9c03] type 00 class 0x010601
[    0.291826] pci 0000:00:1f.2: reg 0x10: [io  0x3088-0x308f]
[    0.291833] pci 0000:00:1f.2: reg 0x14: [io  0x3094-0x3097]
[    0.291839] pci 0000:00:1f.2: reg 0x18: [io  0x3080-0x3087]
[    0.291846] pci 0000:00:1f.2: reg 0x1c: [io  0x3090-0x3093]
[    0.291852] pci 0000:00:1f.2: reg 0x20: [io  0x3060-0x307f]
[    0.291859] pci 0000:00:1f.2: reg 0x24: [mem 0xb061b000-0xb061b7ff]
[    0.291890] pci 0000:00:1f.2: PME# supported from D3hot
[    0.292291] pci 0000:00:1f.3: [8086:9c22] type 00 class 0x0c0500
[    0.292307] pci 0000:00:1f.3: reg 0x10: [mem 0xb0619000-0xb06190ff 64bit]
[    0.292325] pci 0000:00:1f.3: reg 0x20: [io  0x3040-0x305f]
[    0.292551] pci 0000:01:00.0: [14e4:16b3] type 00 class 0x020000
[    0.292579] pci 0000:01:00.0: reg 0x10: [mem 0xb0410000-0xb041ffff 64bit pref]
[    0.292597] pci 0000:01:00.0: reg 0x18: [mem 0xb0420000-0xb042ffff 64bit pref]
[    0.292631] pci 0000:01:00.0: reg 0x30: [mem 0xfffff800-0xffffffff pref]
[    0.292743] pci 0000:01:00.0: PME# supported from D0 D3hot D3cold
[    0.292969] pci 0000:01:00.1: [14e4:16bc] type 00 class 0x080501
[    0.292997] pci 0000:01:00.1: reg 0x10: [mem 0xb0400000-0xb040ffff 64bit pref]
[    0.293136] pci 0000:01:00.1: PME# supported from D0 D3hot D3cold
[    0.293304] pci 0000:00:1c.0: PCI bridge to [bus 01]
[    0.293312] pci 0000:00:1c.0:   bridge window [mem 0xb0400000-0xb04fffff 64bit pref]
[    0.293368] pci 0000:02:00.0: [168c:0036] type 00 class 0x028000
[    0.293393] pci 0000:02:00.0: reg 0x10: [mem 0xb0500000-0xb057ffff 64bit]
[    0.293443] pci 0000:02:00.0: reg 0x30: [mem 0xffff0000-0xffffffff pref]
[    0.293519] pci 0000:02:00.0: supports D1 D2
[    0.293521] pci 0000:02:00.0: PME# supported from D0 D1 D2 D3hot D3cold
[    0.293626] pci 0000:00:1c.3: PCI bridge to [bus 02]
[    0.293630] pci 0000:00:1c.3:   bridge window [mem 0xb0500000-0xb05fffff]
[    0.299667] ACPI: PCI: Interrupt link LNKA configured for IRQ 7
[    0.299748] ACPI: PCI: Interrupt link LNKB configured for IRQ 0
[    0.299750] ACPI: PCI: Interrupt link LNKB disabled
[    0.299827] ACPI: PCI: Interrupt link LNKC configured for IRQ 11
[    0.299904] ACPI: PCI: Interrupt link LNKD configured for IRQ 10
[    0.299980] ACPI: PCI: Interrupt link LNKE configured for IRQ 0
[    0.299981] ACPI: PCI: Interrupt link LNKE disabled
[    0.300056] ACPI: PCI: Interrupt link LNKF configured for IRQ 0
[    0.300057] ACPI: PCI: Interrupt link LNKF disabled
[    0.300133] ACPI: PCI: Interrupt link LNKG configured for IRQ 10
[    0.300209] ACPI: PCI: Interrupt link LNKH configured for IRQ 11
[    0.300565] ACPI: EC: interrupt unblocked
[    0.300567] ACPI: EC: event unblocked
[    0.300579] ACPI: EC: EC_CMD/EC_SC=0x66, EC_DATA=0x62
[    0.300580] ACPI: EC: GPE=0x22
[    0.300582] ACPI: \_SB_.PCI0.LPCB.EC0_: Boot DSDT EC initialization complete
[    0.300585] ACPI: \_SB_.PCI0.LPCB.EC0_: EC: Used to handle transactions and events
[    0.300662] iommu: Default domain type: Translated 
[    0.300662] iommu: DMA domain TLB invalidation policy: lazy mode 
[    0.300662] SCSI subsystem initialized
[    0.300662] libata version 3.00 loaded.
[    0.300662] pci 0000:00:02.0: vgaarb: setting as boot VGA device
[    0.300662] pci 0000:00:02.0: vgaarb: VGA device added: decodes=io+mem,owns=io+mem,locks=none
[    0.300662] pci 0000:00:02.0: vgaarb: bridge control possible
[    0.300662] vgaarb: loaded
[    0.300662] ACPI: bus type USB registered
[    0.300662] usbcore: registered new interface driver usbfs
[    0.300662] usbcore: registered new interface driver hub
[    0.300662] usbcore: registered new device driver usb
[    0.300662] pps_core: LinuxPPS API ver. 1 registered
[    0.300662] pps_core: Software ver. 5.3.6 - Copyright 2005-2007 Rodolfo Giometti <giometti@linux.it>
[    0.300662] PTP clock support registered
[    0.300662] EDAC MC: Ver: 3.0.0
[    0.300662] Registered efivars operations
[    0.300662] NetLabel: Initializing
[    0.300662] NetLabel:  domain hash size = 128
[    0.300662] NetLabel:  protocols = UNLABELED CIPSOv4 CALIPSO
[    0.300662] NetLabel:  unlabeled traffic allowed by default
[    0.300662] PCI: Using ACPI for IRQ routing
[    0.306734] PCI: pci_cache_line_size set to 64 bytes
[    0.306825] e820: reserve RAM buffer [mem 0x0006f000-0x0006ffff]
[    0.306828] e820: reserve RAM buffer [mem 0x00088000-0x0008ffff]
[    0.306829] e820: reserve RAM buffer [mem 0x93a9f018-0x93ffffff]
[    0.306831] e820: reserve RAM buffer [mem 0x93aaf018-0x93ffffff]
[    0.306832] e820: reserve RAM buffer [mem 0x94cb0000-0x97ffffff]
[    0.306834] e820: reserve RAM buffer [mem 0x97db3000-0x97ffffff]
[    0.306835] e820: reserve RAM buffer [mem 0x981cf000-0x9bffffff]
[    0.306836] e820: reserve RAM buffer [mem 0x9a6bf000-0x9bffffff]
[    0.306838] e820: reserve RAM buffer [mem 0x9b000000-0x9bffffff]
[    0.306839] e820: reserve RAM buffer [mem 0x35f600000-0x35fffffff]
[    0.307702] hpet0: at MMIO 0xfed00000, IRQs 2, 8, 0, 0, 0, 0, 0, 0
[    0.307713] hpet0: 8 comparators, 64-bit 14.318180 MHz counter
[    0.309759] clocksource: Switched to clocksource tsc-early
[    0.318108] VFS: Disk quotas dquot_6.6.0
[    0.318127] VFS: Dquot-cache hash table entries: 512 (order 0, 4096 bytes)
[    0.318251] AppArmor: AppArmor Filesystem Enabled
[    0.318296] pnp: PnP ACPI init
[    0.318495] system 00:00: [io  0x0680-0x069f] has been reserved
[    0.318500] system 00:00: [io  0xfd60-0xfd63] has been reserved
[    0.318502] system 00:00: [io  0xffff] has been reserved
[    0.318504] system 00:00: [io  0xffff] has been reserved
[    0.318505] system 00:00: [io  0xffff] has been reserved
[    0.318507] system 00:00: [io  0x1800-0x18fe] has been reserved
[    0.318508] system 00:00: [io  0x164e-0x164f] has been reserved
[    0.318633] system 00:02: [io  0x1854-0x1857] has been reserved
[    0.326854] pnp 00:05: disabling [mem 0xffffffff-0x10000fffe] because it overlaps 0000:01:00.0 BAR 6 [mem 0xfffff800-0xffffffff pref]
[    0.326860] pnp 00:05: disabling [mem 0xffffffff-0x10000fffe disabled] because it overlaps 0000:02:00.0 BAR 6 [mem 0xffff0000-0xffffffff pref]
[    0.326885] system 00:05: [mem 0xfed1c000-0xfed1ffff] has been reserved
[    0.326888] system 00:05: [mem 0xfed10000-0xfed17fff] has been reserved
[    0.326889] system 00:05: [mem 0xfed18000-0xfed18fff] has been reserved
[    0.326891] system 00:05: [mem 0xfed19000-0xfed19fff] has been reserved
[    0.326893] system 00:05: [mem 0xe0000000-0xefffffff] has been reserved
[    0.326895] system 00:05: [mem 0xfed20000-0xfed3ffff] has been reserved
[    0.326897] system 00:05: [mem 0xfed90000-0xfed93fff] has been reserved
[    0.326899] system 00:05: [mem 0xff000000-0xff000fff] has been reserved
[    0.326901] system 00:05: [mem 0xff010000-0xffffffff] could not be reserved
[    0.326903] system 00:05: [mem 0xfee00000-0xfeefffff] could not be reserved
[    0.326904] system 00:05: [mem 0x9fa20000-0x9fa20fff] has been reserved
[    0.328102] pnp: PnP ACPI: found 7 devices
[    0.333932] clocksource: acpi_pm: mask: 0xffffff max_cycles: 0xffffff, max_idle_ns: 2085701024 ns
[    0.334008] NET: Registered PF_INET protocol family
[    0.334175] IP idents hash table entries: 262144 (order: 9, 2097152 bytes, linear)
[    0.336748] tcp_listen_portaddr_hash hash table entries: 8192 (order: 5, 131072 bytes, linear)
[    0.336860] TCP established hash table entries: 131072 (order: 8, 1048576 bytes, linear)
[    0.337059] TCP bind hash table entries: 65536 (order: 8, 1048576 bytes, linear)
[    0.337142] TCP: Hash tables configured (established 131072 bind 65536)
[    0.337233] MPTCP token hash table entries: 16384 (order: 6, 393216 bytes, linear)
[    0.337326] UDP hash table entries: 8192 (order: 6, 262144 bytes, linear)
[    0.337375] UDP-Lite hash table entries: 8192 (order: 6, 262144 bytes, linear)
[    0.337451] NET: Registered PF_UNIX/PF_LOCAL protocol family
[    0.337457] NET: Registered PF_XDP protocol family
[    0.337462] pci 0000:01:00.0: can't claim BAR 6 [mem 0xfffff800-0xffffffff pref]: no compatible bridge window
[    0.337466] pci 0000:02:00.0: can't claim BAR 6 [mem 0xffff0000-0xffffffff pref]: no compatible bridge window
[    0.337478] pci 0000:00:1c.0: BAR 14: assigned [mem 0x9fb00000-0x9fbfffff]
[    0.337483] pci 0000:01:00.0: BAR 6: assigned [mem 0x9fb00000-0x9fb007ff pref]
[    0.337485] pci 0000:00:1c.0: PCI bridge to [bus 01]
[    0.337490] pci 0000:00:1c.0:   bridge window [mem 0x9fb00000-0x9fbfffff]
[    0.337494] pci 0000:00:1c.0:   bridge window [mem 0xb0400000-0xb04fffff 64bit pref]
[    0.337499] pci 0000:02:00.0: BAR 6: assigned [mem 0xb0580000-0xb058ffff pref]
[    0.337501] pci 0000:00:1c.3: PCI bridge to [bus 02]
[    0.337505] pci 0000:00:1c.3:   bridge window [mem 0xb0500000-0xb05fffff]
[    0.337512] pci_bus 0000:00: resource 4 [io  0x0000-0x0cf7 window]
[    0.337514] pci_bus 0000:00: resource 5 [io  0x0d00-0xffff window]
[    0.337516] pci_bus 0000:00: resource 6 [mem 0x000a0000-0x000bffff window]
[    0.337518] pci_bus 0000:00: resource 7 [mem 0x9fa00000-0xfeafffff window]
[    0.337520] pci_bus 0000:01: resource 1 [mem 0x9fb00000-0x9fbfffff]
[    0.337521] pci_bus 0000:01: resource 2 [mem 0xb0400000-0xb04fffff 64bit pref]
[    0.337523] pci_bus 0000:02: resource 1 [mem 0xb0500000-0xb05fffff]
[    0.358758] pci 0000:00:1d.0: quirk_usb_early_handoff+0x0/0x160 took 18835 usecs
[    0.358811] PCI: CLS 64 bytes, default 64
[    0.358821] PCI-DMA: Using software bounce buffering for IO (SWIOTLB)
[    0.358822] software IO TLB: mapped [mem 0x000000008f0c0000-0x00000000930c0000] (64MB)
[    0.358877] Trying to unpack rootfs image as initramfs...
[    0.367506] Initialise system trusted keyrings
[    0.367523] Key type blacklist registered
[    0.367577] workingset: timestamp_bits=36 max_order=22 bucket_order=0
[    0.368973] zbud: loaded
[    0.369242] squashfs: version 4.0 (2009/01/31) Phillip Lougher
[    0.369395] fuse: init (API version 7.34)
[    0.369570] integrity: Platform Keyring initialized
[    0.382678] Key type asymmetric registered
[    0.382683] Asymmetric key parser 'x509' registered
[    0.382732] Block layer SCSI generic (bsg) driver version 0.4 loaded (major 243)
[    0.382781] io scheduler mq-deadline registered
[    0.387144] pcieport 0000:00:1c.0: PME: Signaling with IRQ 40
[    0.387452] pcieport 0000:00:1c.3: PME: Signaling with IRQ 41
[    0.387574] shpchp: Standard Hot Plug PCI Controller Driver version: 0.4
[    0.388524] ACPI: AC: AC Adapter [ACAD] (on-line)
[    0.388629] input: Lid Switch as /devices/LNXSYSTM:00/LNXSYBUS:00/PNP0A08:00/device:01/PNP0C0D:00/input/input0
[    0.388661] ACPI: button: Lid Switch [LID0]
[    0.388710] input: Power Button as /devices/LNXSYSTM:00/LNXSYBUS:00/PNP0A08:00/device:01/PNP0C0C:00/input/input1
[    0.388741] ACPI: button: Power Button [PWRB]
[    0.388791] input: Sleep Button as /devices/LNXSYSTM:00/LNXSYBUS:00/PNP0A08:00/device:01/PNP0C0E:00/input/input2
[    0.388821] ACPI: button: Sleep Button [SLPB]
[    0.388896] input: Power Button as /devices/LNXSYSTM:00/LNXPWRBN:00/input/input3
[    0.388947] ACPI: button: Power Button [PWRF]
[    0.389906] Serial: 8250/16550 driver, 32 ports, IRQ sharing enabled
[    0.392763] Linux agpgart interface v0.103
[    0.395685] loop: module loaded
[    0.396132] tun: Universal TUN/TAP device driver, 1.6
[    0.396178] PPP generic driver version 2.4.2
[    0.396269] VFIO - User Level meta-driver version: 0.3
[    0.396372] ehci_hcd: USB 2.0 'Enhanced' Host Controller (EHCI) Driver
[    0.396377] ehci-pci: EHCI PCI platform driver
[    0.396606] ehci-pci 0000:00:1d.0: EHCI Host Controller
[    0.396615] ehci-pci 0000:00:1d.0: new USB bus registered, assigned bus number 1
[    0.396628] ehci-pci 0000:00:1d.0: debug port 2
[    0.400545] ehci-pci 0000:00:1d.0: irq 23, io mem 0xb061c000
[    0.418666] ehci-pci 0000:00:1d.0: USB 2.0 started, EHCI 1.00
[    0.418750] usb usb1: New USB device found, idVendor=1d6b, idProduct=0002, bcdDevice= 5.15
[    0.418756] usb usb1: New USB device strings: Mfr=3, Product=2, SerialNumber=1
[    0.418759] usb usb1: Product: EHCI Host Controller
[    0.418762] usb usb1: Manufacturer: Linux 5.15.0-41-generic ehci_hcd
[    0.418764] usb usb1: SerialNumber: 0000:00:1d.0
[    0.418989] hub 1-0:1.0: USB hub found
[    0.419000] hub 1-0:1.0: 2 ports detected
[    0.419281] ehci-platform: EHCI generic platform driver
[    0.419305] ohci_hcd: USB 1.1 'Open' Host Controller (OHCI) Driver
[    0.419317] ohci-pci: OHCI PCI platform driver
[    0.419336] ohci-platform: OHCI generic platform driver
[    0.419353] uhci_hcd: USB Universal Host Controller Interface driver
[    0.419428] i8042: PNP: PS/2 Controller [PNP0303:KBC0,PNP0f13:MSE0] at 0x60,0x64 irq 1,12
[    0.441098] serio: i8042 KBD port at 0x60,0x64 irq 1
[    0.441112] serio: i8042 AUX port at 0x60,0x64 irq 12
[    0.441340] mousedev: PS/2 mouse device common for all mice
[    0.441667] rtc_cmos 00:01: RTC can wake from S4
[    0.441939] rtc_cmos 00:01: registered as rtc0
[    0.441974] rtc_cmos 00:01: setting system clock to 2022-06-29T16:35:30 UTC (1656520530)
[    0.442002] rtc_cmos 00:01: alarms up to one month, 242 bytes nvram, hpet irqs
[    0.442021] i2c_dev: i2c /dev entries driver
[    0.442117] device-mapper: core: CONFIG_IMA_DISABLE_HTABLE is disabled. Duplicate IMA measurements will not be recorded in the IMA log.
[    0.442169] device-mapper: uevent: version 1.0.3
[    0.442252] device-mapper: ioctl: 4.45.0-ioctl (2021-03-22) initialised: dm-devel@redhat.com
[    0.442289] platform eisa.0: Probing EISA bus 0
[    0.442292] platform eisa.0: EISA: Cannot allocate resource for mainboard
[    0.442295] platform eisa.0: Cannot allocate resource for EISA slot 1
[    0.442298] platform eisa.0: Cannot allocate resource for EISA slot 2
[    0.442301] platform eisa.0: Cannot allocate resource for EISA slot 3
[    0.442303] platform eisa.0: Cannot allocate resource for EISA slot 4
[    0.442306] platform eisa.0: Cannot allocate resource for EISA slot 5
[    0.442308] platform eisa.0: Cannot allocate resource for EISA slot 6
[    0.442311] platform eisa.0: Cannot allocate resource for EISA slot 7
[    0.442313] platform eisa.0: Cannot allocate resource for EISA slot 8
[    0.442315] platform eisa.0: EISA: Detected 0 cards
[    0.442325] intel_pstate: Intel P-state driver initializing
[    0.442595] ledtrig-cpu: registered to indicate activity on CPUs
[    0.442638] efifb: probing for efifb
[    0.442665] efifb: showing boot graphics
[    0.443805] efifb: framebuffer at 0xa0000000, using 4128k, total 4128k
[    0.443807] efifb: mode is 1366x768x32, linelength=5504, pages=1
[    0.443809] efifb: scrolling: redraw
[    0.443810] efifb: Truecolor: size=8:8:8:8, shift=24:16:8:0
[    0.443860] fbcon: Deferring console take-over
[    0.443862] fb0: EFI VGA frame buffer device
[    0.443869] EFI Variables Facility v0.08 2004-May-17
[    0.454986] ACPI: battery: [Firmware Bug]: (dis)charge rate invalid.
[    0.455358] ACPI: battery: Slot [BAT1] (battery present)
[    0.462395] input: AT Translated Set 2 keyboard as /devices/platform/i8042/serio0/input/input4
[    0.477439] drop_monitor: Initializing network drop monitor service
[    0.477617] NET: Registered PF_INET6 protocol family
[    0.754677] usb 1-1: new high-speed USB device number 2 using ehci-pci
[    0.821081] Freeing initrd memory: 65228K
[    0.827649] Segment Routing with IPv6
[    0.827663] In-situ OAM (IOAM) with IPv6
[    0.827690] NET: Registered PF_PACKET protocol family
[    0.827730] Key type dns_resolver registered
[    0.828009] microcode: sig=0x40651, pf=0x40, revision=0x26
[    0.828071] microcode: Microcode Update Driver: v2.2.
[    0.828076] IPI shorthand broadcast: enabled
[    0.828084] sched_clock: Marking stable (827708309, 358833)->(846481945, -18414803)
[    0.828267] registered taskstats version 1
[    0.828324] Loading compiled-in X.509 certificates
[    0.829165] Loaded X.509 cert 'Build time autogenerated kernel key: cb32a1d62043880df8a86fd2f5449ac2c218dec3'
[    0.829898] Loaded X.509 cert 'Canonical Ltd. Live Patch Signing: 14df34d1a87cf37625abec039ef2bf521249b969'
[    0.830618] Loaded X.509 cert 'Canonical Ltd. Kernel Module Signing: 88f752e560a1e0737e31163a466ad7b70a850c19'
[    0.830619] blacklist: Loading compiled-in revocation X.509 certificates
[    0.830638] Loaded X.509 cert 'Canonical Ltd. Secure Boot Signing: 61482aa2830d0ab2ad5af10b7250da9033ddcef0'
[    0.830846] zswap: loaded using pool lzo/zbud
[    0.831037] Key type ._fscrypt registered
[    0.831039] Key type .fscrypt registered
[    0.831040] Key type fscrypt-provisioning registered
[    0.834278] Key type encrypted registered
[    0.834284] AppArmor: AppArmor sha1 policy hashing enabled
[    0.835750] integrity: Loading X.509 certificate: UEFI:db
[    0.835790] integrity: Loaded X.509 cert 'Acer: c4f0474ae6b5e67a509d99132f49a4ec13f7ac68'
[    0.835792] integrity: Loading X.509 certificate: UEFI:db
[    0.835812] integrity: Loaded X.509 cert 'Microsoft Windows Production PCA 2011: a92902398e16c49778cd90f99e4f9ae17c55af53'
[    0.835813] integrity: Loading X.509 certificate: UEFI:db
[    0.835834] integrity: Loaded X.509 cert 'Microsoft Corporation UEFI CA 2011: 13adbf4309bd82709c8cd54f316ed522988a1bd4'
[    0.835835] integrity: Loading X.509 certificate: UEFI:db
[    0.835837] integrity: Problem loading X.509 certificate -65
[    0.835841] fbcon: Taking over console
[    0.835845] integrity: Error adding keys to platform keyring UEFI:db
[    0.835846] integrity: Loading X.509 certificate: UEFI:db
[    0.835908] Console: switching to colour frame buffer device 170x48
[    0.838404] integrity: Problem loading X.509 certificate -65
[    0.838428] integrity: Error adding keys to platform keyring UEFI:db
[    0.839824] integrity: Loading X.509 certificate: UEFI:MokListRT (MOKvar table)
[    0.840213] integrity: Loaded X.509 cert 'Canonical Ltd. Master Certificate Authority: ad91990bc22ab1f517048c23b6655a268e345a63'
[    0.840217] ima: No TPM chip found, activating TPM-bypass!
[    0.840220] Loading compiled-in module X.509 certificates
[    0.840887] Loaded X.509 cert 'Build time autogenerated kernel key: cb32a1d62043880df8a86fd2f5449ac2c218dec3'
[    0.840889] ima: Allocated hash algorithm: sha1
[    0.840895] ima: No architecture policies found
[    0.840907] evm: Initialising EVM extended attributes:
[    0.840908] evm: security.selinux
[    0.840909] evm: security.SMACK64
[    0.840910] evm: security.SMACK64EXEC
[    0.840910] evm: security.SMACK64TRANSMUTE
[    0.840911] evm: security.SMACK64MMAP
[    0.840912] evm: security.apparmor
[    0.840912] evm: security.ima
[    0.840922] evm: security.capability
[    0.840922] evm: HMAC attrs: 0x1
[    0.841190] PM:   Magic number: 10:905:591
[    0.841465] RAS: Correctable Errors collector initialized.
[    0.842609] Freeing unused decrypted memory: 2036K
[    0.843066] Freeing unused kernel image (initmem) memory: 2900K
[    0.862733] Write protecting the kernel read-only data: 30720k
[    0.863218] Freeing unused kernel image (text/rodata gap) memory: 2036K
[    0.863472] Freeing unused kernel image (rodata/data gap) memory: 1492K
[    0.911004] usb 1-1: New USB device found, idVendor=8087, idProduct=8000, bcdDevice= 0.04
[    0.911009] usb 1-1: New USB device strings: Mfr=0, Product=0, SerialNumber=0
[    0.911262] hub 1-1:1.0: USB hub found
[    0.911354] hub 1-1:1.0: 8 ports detected
[    0.919495] x86/mm: Checked W+X mappings: passed, no W+X pages found.
[    0.919497] x86/mm: Checking user space page tables
[    0.972519] x86/mm: Checked W+X mappings: passed, no W+X pages found.
[    0.972558] Run /init as init process
[    0.972560]   with arguments:
[    0.972561]     /init
[    0.972562]     splash
[    0.972563]   with environment:
[    0.972564]     HOME=/
[    0.972565]     TERM=linux
[    0.972566]     BOOT_IMAGE=/boot/vmlinuz-5.15.0-41-generic
[    1.124353] sdhci: Secure Digital Host Controller Interface driver
[    1.124358] sdhci: Copyright(c) Pierre Ossman
[    1.133555] xhci_hcd 0000:00:14.0: xHCI Host Controller
[    1.133563] xhci_hcd 0000:00:14.0: new USB bus registered, assigned bus number 2
[    1.134605] xhci_hcd 0000:00:14.0: hcc params 0x200077c1 hci version 0x100 quirks 0x000000000004b810
[    1.134777] usb usb2: New USB device found, idVendor=1d6b, idProduct=0002, bcdDevice= 5.15
[    1.134780] usb usb2: New USB device strings: Mfr=3, Product=2, SerialNumber=1
[    1.134782] usb usb2: Product: xHCI Host Controller
[    1.134784] usb usb2: Manufacturer: Linux 5.15.0-41-generic xhci-hcd
[    1.134785] usb usb2: SerialNumber: 0000:00:14.0
[    1.135502] hub 2-0:1.0: USB hub found
[    1.136322] hub 2-0:1.0: 9 ports detected
[    1.139143] xhci_hcd 0000:00:14.0: xHCI Host Controller
[    1.139153] xhci_hcd 0000:00:14.0: new USB bus registered, assigned bus number 3
[    1.139160] xhci_hcd 0000:00:14.0: Host supports USB 3.0 SuperSpeed
[    1.139220] usb usb3: New USB device found, idVendor=1d6b, idProduct=0003, bcdDevice= 5.15
[    1.139225] usb usb3: New USB device strings: Mfr=3, Product=2, SerialNumber=1
[    1.139228] usb usb3: Product: xHCI Host Controller
[    1.139230] usb usb3: Manufacturer: Linux 5.15.0-41-generic xhci-hcd
[    1.139232] usb usb3: SerialNumber: 0000:00:14.0
[    1.139412] hub 3-0:1.0: USB hub found
[    1.139421] hub 3-0:1.0: 4 ports detected
[    1.149861] ahci 0000:00:1f.2: version 3.0
[    1.150135] ahci 0000:00:1f.2: SSS flag set, parallel bus scan disabled
[    1.151059] i801_smbus 0000:00:1f.3: SPD Write Disable is set
[    1.151087] i801_smbus 0000:00:1f.3: SMBus using PCI interrupt
[    1.153055] sdhci-pci 0000:01:00.1: SDHCI controller found [14e4:16bc] (rev 1)
[    1.156344] mmc0: SDHCI controller on PCI [0000:01:00.1] using ADMA 64-bit
[    1.156611] i2c i2c-0: 2/2 memory slots populated (from DMI)
[    1.156924] i2c i2c-0: Successfully instantiated SPD at 0x50
[    1.160465] ahci 0000:00:1f.2: AHCI 0001.0300 32 slots 4 ports 6 Gbps 0x3 impl SATA mode
[    1.160474] ahci 0000:00:1f.2: flags: 64bit ncq stag pm led clo only pio slum part deso sadm sds apst 
[    1.163982] scsi host0: ahci
[    1.170870] tg3 0000:01:00.0 eth0: Tigon3 [partno(BCM57786) rev 57766001] (PCI Express) MAC address 20:1a:06:b4:dc:da
[    1.170879] tg3 0000:01:00.0 eth0: attached PHY is 57765 (10/100/1000Base-T Ethernet) (WireSpeed[1], EEE[1])
[    1.170883] tg3 0000:01:00.0 eth0: RXcsums[1] LinkChgREG[0] MIirq[0] ASF[0] TSOcap[1]
[    1.170887] tg3 0000:01:00.0 eth0: dma_rwctrl[00000001] dma_mask[64-bit]
[    1.171643] scsi host1: ahci
[    1.171847] scsi host2: ahci
[    1.172989] scsi host3: ahci
[    1.173092] ata1: SATA max UDMA/133 abar m2048@0xb061b000 port 0xb061b100 irq 43
[    1.173098] ata2: SATA max UDMA/133 abar m2048@0xb061b000 port 0xb061b180 irq 43
[    1.173101] ata3: DUMMY
[    1.173103] ata4: DUMMY
[    1.208002] tg3 0000:01:00.0 enp1s0f0: renamed from eth0
[    1.398712] tsc: Refined TSC clocksource calibration: 2294.687 MHz
[    1.398723] clocksource: tsc: mask: 0xffffffffffffffff max_cycles: 0x21139a22526, max_idle_ns: 440795252169 ns
[    1.398759] clocksource: Switched to clocksource tsc
[    1.474722] usb 2-3: new full-speed USB device number 2 using xhci_hcd
[    1.485868] ata1: SATA link up 6.0 Gbps (SStatus 133 SControl 300)
[    1.486609] ata1.00: ATA-9: WDC WD10JPVX-22JC3T0, 01.01A01, max UDMA/133
[    1.486943] ata1.00: ATA Identify Device Log not supported
[    1.486950] ata1.00: 1953525168 sectors, multi 0: LBA48 NCQ (depth 32), AA
[    1.488076] ata1.00: ATA Identify Device Log not supported
[    1.488088] ata1.00: configured for UDMA/133
[    1.488340] scsi 0:0:0:0: Direct-Access     ATA      WDC WD10JPVX-22J 1A01 PQ: 0 ANSI: 5
[    1.488678] sd 0:0:0:0: Attached scsi generic sg0 type 0
[    1.488782] sd 0:0:0:0: [sda] 1953525168 512-byte logical blocks: (1.00 TB/932 GiB)
[    1.488787] sd 0:0:0:0: [sda] 4096-byte physical blocks
[    1.488807] sd 0:0:0:0: [sda] Write Protect is off
[    1.488810] sd 0:0:0:0: [sda] Mode Sense: 00 3a 00 00
[    1.488833] sd 0:0:0:0: [sda] Write cache: enabled, read cache: enabled, doesn't support DPO or FUA
[    1.612160]  sda: sda1 sda2
[    1.626926] usb 2-3: New USB device found, idVendor=046d, idProduct=c542, bcdDevice= 3.02
[    1.626932] usb 2-3: New USB device strings: Mfr=1, Product=2, SerialNumber=0
[    1.626934] usb 2-3: Product: Wireless Receiver
[    1.626935] usb 2-3: Manufacturer: Logitech
[    1.631064] sd 0:0:0:0: [sda] Attached SCSI disk
[    1.754710] usb 2-5: new full-speed USB device number 3 using xhci_hcd
[    1.801703] ata2: SATA link up 1.5 Gbps (SStatus 113 SControl 300)
[    1.804080] ata2.00: ATAPI: HL-DT-ST DVDRAM GUA0N, 1.00, max UDMA/133
[    1.807267] ata2.00: configured for UDMA/133
[    1.813520] scsi 1:0:0:0: CD-ROM            HL-DT-ST DVDRAM GUA0N     1.00 PQ: 0 ANSI: 5
[    1.891328] sr 1:0:0:0: [sr0] scsi3-mmc drive: 24x/24x writer dvd-ram cd/rw xa/form2 cdda tray
[    1.891333] cdrom: Uniform CD-ROM driver Revision: 3.20
[    1.903784] usb 2-5: New USB device found, idVendor=04ca, idProduct=300b, bcdDevice= 0.01
[    1.903789] usb 2-5: New USB device strings: Mfr=0, Product=0, SerialNumber=0
[    1.937034] sr 1:0:0:0: Attached scsi CD-ROM sr0
[    1.937111] sr 1:0:0:0: Attached scsi generic sg1 type 5
[    1.937494] psmouse serio1: elantech: assuming hardware version 3 (with firmware version 0x454f00)
[    1.963241] psmouse serio1: elantech: Synaptics capabilities query result 0x79, 0x16, 0x0c.
[    1.989410] psmouse serio1: elantech: Elan sample query result 03, 64, 75
[    2.030689] usb 2-8: new high-speed USB device number 4 using xhci_hcd
[    2.112562] input: ETPS/2 Elantech Touchpad as /devices/platform/i8042/serio1/input/input7
[    2.266111] usb 2-8: New USB device found, idVendor=04f2, idProduct=b3f6, bcdDevice=29.53
[    2.266116] usb 2-8: New USB device strings: Mfr=3, Product=1, SerialNumber=2
[    2.266118] usb 2-8: Product: HD WebCam
[    2.266120] usb 2-8: Manufacturer: Chicony Electronics Co.,Ltd.
[    2.266121] usb 2-8: SerialNumber: 0001
[    2.284535] hid: raw HID events driver (C) Jiri Kosina
[    2.292996] usbcore: registered new interface driver usbhid
[    2.293002] usbhid: USB HID core driver
[    2.300086] input: Logitech Wireless Receiver Mouse as /devices/pci0000:00/0000:00:14.0/usb2/2-3/2-3:1.0/0003:046D:C542.0001/input/input8
[    2.300416] hid-generic 0003:046D:C542.0001: input,hidraw0: USB HID v1.11 Mouse [Logitech Wireless Receiver] on usb-0000:00:14.0-3/input0
[    2.871316] EXT4-fs (sda2): mounted filesystem with ordered data mode. Opts: (null). Quota mode: none.
[    4.659242] systemd[1]: Inserted module 'autofs4'
[    5.103523] systemd[1]: systemd 249.11-0ubuntu3.4 running in system mode (+PAM +AUDIT +SELINUX +APPARMOR +IMA +SMACK +SECCOMP +GCRYPT +GNUTLS +OPENSSL +ACL +BLKID +CURL +ELFUTILS +FIDO2 +IDN2 -IDN +IPTC +KMOD +LIBCRYPTSETUP -LIBFDISK +PCRE2 -PWQUALITY -P11KIT -QRENCODE +BZIP2 +LZ4 +XZ +ZLIB +ZSTD -XKBCOMMON +UTMP +SYSVINIT default-hierarchy=unified)
[    5.122998] systemd[1]: Detected architecture x86-64.
[    5.149747] systemd[1]: Hostname set to <pyrax>.
[   13.742459] systemd[1]: Queued start job for default target Graphical Interface.
[   13.763603] systemd[1]: Created slice Virtual Machine and Container Slice.
[   13.764410] systemd[1]: Created slice Slice /system/modprobe.
[   13.764817] systemd[1]: Created slice Slice /system/systemd-fsck.
[   13.765085] systemd[1]: Created slice User and Session Slice.
[   13.765147] systemd[1]: Started ntp-systemd-netif.path.
[   13.765217] systemd[1]: Started Forward Password Requests to Wall Directory Watch.
[   13.765411] systemd[1]: Set up automount Arbitrary Executable File Formats File System Automount Point.
[   13.765485] systemd[1]: Reached target User and Group Name Lookups.
[   13.765502] systemd[1]: Reached target Remote File Systems.
[   13.765514] systemd[1]: Reached target Slice Units.
[   13.765543] systemd[1]: Reached target Local Verity Protected Volumes.
[   13.765559] systemd[1]: Reached target Libvirt guests shutdown.
[   13.765646] systemd[1]: Listening on Device-mapper event daemon FIFOs.
[   13.765772] systemd[1]: Listening on LVM2 poll daemon socket.
[   13.765874] systemd[1]: Listening on Syslog Socket.
[   13.765967] systemd[1]: Listening on fsck to fsckd communication Socket.
[   13.766020] systemd[1]: Listening on initctl Compatibility Named Pipe.
[   13.766219] systemd[1]: Listening on Journal Audit Socket.
[   13.766320] systemd[1]: Listening on Journal Socket (/dev/log).
[   13.766441] systemd[1]: Listening on Journal Socket.
[   13.777184] systemd[1]: Listening on udev Control Socket.
[   13.777344] systemd[1]: Listening on udev Kernel Socket.
[   13.778378] systemd[1]: Mounting Huge Pages File System...
[   13.779379] systemd[1]: Mounting POSIX Message Queue File System...
[   13.780547] systemd[1]: Mounting Kernel Debug File System...
[   13.781512] systemd[1]: Mounting Kernel Trace File System...
[   13.783531] systemd[1]: Starting Journal Service...
[   13.783749] systemd[1]: Finished Availability of block devices.
[   13.787273] systemd[1]: Starting Set the console keyboard layout...
[   13.788912] systemd[1]: Starting Create List of Static Device Nodes...
[   13.790603] systemd[1]: Starting Monitoring of LVM2 mirrors, snapshots etc. using dmeventd or progress polling...
[   13.792094] systemd[1]: Starting Load Kernel Module chromeos_pstore...
[   13.793755] systemd[1]: Starting Load Kernel Module configfs...
[   13.796106] systemd[1]: Starting Load Kernel Module drm...
[   13.797964] systemd[1]: Starting Load Kernel Module efi_pstore...
[   13.799443] systemd[1]: Starting Load Kernel Module fuse...
[   13.801290] systemd[1]: Starting Load Kernel Module mtdpstore...
[   13.802932] systemd[1]: Starting Load Kernel Module pstore_blk...
[   13.804707] systemd[1]: Starting Load Kernel Module pstore_zone...
[   13.806449] systemd[1]: Starting Load Kernel Module ramoops...
[   13.806791] systemd[1]: Condition check resulted in File System Check on Root Device being skipped.
[   13.849053] systemd[1]: Starting Load Kernel Modules...
[   13.850186] systemd[1]: Starting Remount Root and Kernel File Systems...
[   13.851695] systemd[1]: Starting Coldplug All udev Devices...
[   13.853909] systemd[1]: Mounted Huge Pages File System.
[   13.854023] systemd[1]: Mounted POSIX Message Queue File System.
[   13.854111] systemd[1]: Mounted Kernel Debug File System.
[   13.854201] systemd[1]: Mounted Kernel Trace File System.
[   13.854559] systemd[1]: Finished Create List of Static Device Nodes.
[   13.854860] systemd[1]: modprobe@configfs.service: Deactivated successfully.
[   13.855095] systemd[1]: Finished Load Kernel Module configfs.
[   13.855344] systemd[1]: modprobe@fuse.service: Deactivated successfully.
[   13.855544] systemd[1]: Finished Load Kernel Module fuse.
[   13.856709] systemd[1]: Mounting FUSE Control File System...
[   13.857739] systemd[1]: Mounting Kernel Configuration File System...
[   13.859388] systemd[1]: Mounted FUSE Control File System.
[   13.860246] systemd[1]: Mounted Kernel Configuration File System.
[   14.008520] EXT4-fs (sda2): re-mounted. Opts: errors=remount-ro. Quota mode: none.
[   14.010963] systemd[1]: Finished Remount Root and Kernel File Systems.
[   14.035687] systemd[1]: Activating swap /swapfile...
[   14.036839] systemd[1]: Starting Load/Save Random Seed...
[   14.038033] systemd[1]: Starting Create System Users...
[   14.157488] systemd[1]: modprobe@pstore_zone.service: Deactivated successfully.
[   14.157746] systemd[1]: Finished Load Kernel Module pstore_zone.
[   14.179163] systemd[1]: modprobe@pstore_blk.service: Deactivated successfully.
[   14.179429] systemd[1]: Finished Load Kernel Module pstore_blk.
[   14.202353] systemd[1]: modprobe@ramoops.service: Deactivated successfully.
[   14.202636] systemd[1]: Finished Load Kernel Module ramoops.
[   14.235591] systemd[1]: modprobe@chromeos_pstore.service: Deactivated successfully.
[   14.235976] systemd[1]: Finished Load Kernel Module chromeos_pstore.
[   14.349764] systemd[1]: Finished Set the console keyboard layout.
[   14.411113] systemd[1]: Finished Monitoring of LVM2 mirrors, snapshots etc. using dmeventd or progress polling.
[   14.454802] systemd[1]: Started Journal Service.
[   14.460670] Adding 2097148k swap on /swapfile.  Priority:-2 extents:6 across:2260988k FS
[   14.496714] pstore: Using crash dump compression: deflate
[   14.496727] pstore: Registered efi as persistent store backend
[   14.501648] systemd-journald[274]: Received client request to flush runtime journal.
[   14.604939] mtd device must be supplied (device name is empty)
[   14.617089] lp: driver loaded but no devices found
[   14.719822] ppdev: user-space parallel port driver
[   15.231617] IPMI message handler: version 39.2
[   15.279376] ipmi device interface
[   16.097439] loop0: detected capacity change from 0 to 8
[   16.189005] loop1: detected capacity change from 0 to 451568
[   16.190418] loop2: detected capacity change from 0 to 228816
[   16.230073] loop3: detected capacity change from 0 to 451568
[   16.379888] loop4: detected capacity change from 0 to 233240
[   16.486414] loop5: detected capacity change from 0 to 113736
[   16.720583] loop6: detected capacity change from 0 to 126808
[   16.722093] loop7: detected capacity change from 0 to 126824
[   16.799102] loop8: detected capacity change from 0 to 430312
[   16.976213] loop9: detected capacity change from 0 to 332368
[   17.048455] loop10: detected capacity change from 0 to 330800
[   17.208070] loop11: detected capacity change from 0 to 520384
[   17.236991] loop12: detected capacity change from 0 to 509456
[   17.396201] loop13: detected capacity change from 0 to 133552
[   17.397684] loop14: detected capacity change from 0 to 166424
[   17.625420] loop15: detected capacity change from 0 to 1900704
[   17.657306] loop16: detected capacity change from 0 to 372192
[   17.821333] loop17: detected capacity change from 0 to 1158104
[   17.945345] loop18: detected capacity change from 0 to 93920
[   18.061594] loop19: detected capacity change from 0 to 93928
[   18.062998] loop20: detected capacity change from 0 to 91544
[   18.217316] loop21: detected capacity change from 0 to 568
[   18.248116] loop22: detected capacity change from 0 to 96160
[   18.362898] loop23: detected capacity change from 0 to 568
[   21.389596] acer_wmi: Acer Laptop ACPI-WMI Extras
[   21.389623] acer_wmi: Function bitmap for Communication Button: 0x801
[   21.395320] input: Acer WMI hotkeys as /devices/virtual/input/input9
[   21.844198] at24 0-0050: supply vcc not found, using dummy regulator
[   21.844755] at24 0-0050: 256 byte spd EEPROM, read-only
[   22.301999] RAPL PMU: API unit is 2^-32 Joules, 4 fixed counters, 655360 ms ovfl timer
[   22.302005] RAPL PMU: hw unit of domain pp0-core 2^-14 Joules
[   22.302007] RAPL PMU: hw unit of domain package 2^-14 Joules
[   22.302008] RAPL PMU: hw unit of domain dram 2^-14 Joules
[   22.302010] RAPL PMU: hw unit of domain pp1-gpu 2^-14 Joules
[   22.750891] cryptd: max_cpu_qlen set to 1000
[   25.258965] AVX2 version of gcm_enc/dec engaged.
[   25.259160] AES CTR mode by8 optimization enabled
[   25.325636] cfg80211: Loading compiled-in X.509 certificates for regulatory database
[   25.325967] cfg80211: Loaded X.509 cert 'sforshee: 00b28ddf47aef9cea7'
[   25.387835] checking generic (a0000000 408000) vs hw (b0000000 400000)
[   25.387839] checking generic (a0000000 408000) vs hw (a0000000 10000000)
[   25.387840] fb0: switching to i915 from EFI VGA
[   25.387967] Console: switching to colour dummy device 80x25
[   25.388034] i915 0000:00:02.0: vgaarb: deactivate vga console
[   25.389851] i915 0000:00:02.0: vgaarb: changed VGA decodes: olddecodes=io+mem,decodes=io+mem:owns=io+mem
[   25.460194] [drm] Initialized i915 1.6.0 20201103 for 0000:00:02.0 on minor 0
[   25.465870] ACPI: video: Video Device [GFX0] (multi-head: yes  rom: no  post: no)
[   25.466096] input: Video Bus as /devices/LNXSYSTM:00/LNXSYBUS:00/PNP0A08:00/LNXVIDEO:00/input/input10
[   25.664052] fbcon: i915drmfb (fb0) is primary device
[   26.790712] Console: switching to colour frame buffer device 170x48
[   26.812420] i915 0000:00:02.0: [drm] fb0: i915drmfb frame buffer device
[   27.430555] Bluetooth: Core ver 2.22
[   27.430605] NET: Registered PF_BLUETOOTH protocol family
[   27.430607] Bluetooth: HCI device and connection manager initialized
[   27.430612] Bluetooth: HCI socket layer initialized
[   27.430615] Bluetooth: L2CAP socket layer initialized
[   27.430620] Bluetooth: SCO socket layer initialized
[   27.477432] mc: Linux media interface: v0.10
[   27.690482] usbcore: registered new interface driver btusb
[   27.857194] usb 2-5: USB disconnect, device number 3
[   27.858523] usbcore: registered new interface driver ath3k
[   27.905645] ath: phy0: WB335 2-ANT card detected
[   27.905649] ath: phy0: Set BT/WLAN RX diversity capability
[   27.912881] ath: phy0: Enable LNA combining
[   27.913977] ath: phy0: ASPM enabled: 0x42
[   27.913980] ath: EEPROM regdomain: 0x65
[   27.913981] ath: EEPROM indicates we should expect a direct regpair map
[   27.913983] ath: Country alpha2 being used: 00
[   27.913984] ath: Regpair used: 0x65
[   27.914847] ieee80211 phy0: Selected rate control algorithm 'minstrel_ht'
[   27.915665] ieee80211 phy0: Atheros AR9565 Rev:1 mem=0xffffbc4500a80000, irq=19
[   27.923423] videodev: Linux video capture interface: v2.00
[   28.024718] ath9k 0000:02:00.0 wlp2s0: renamed from wlan0
[   28.182702] usb 2-5: new full-speed USB device number 5 using xhci_hcd
[   28.947904] snd_hda_intel 0000:00:03.0: bound 0000:00:02.0 (ops i915_audio_component_bind_ops [i915])
[   29.120882] input: HDA Intel HDMI HDMI/DP,pcm=3 as /devices/pci0000:00/0000:00:03.0/sound/card0/input11
[   29.121051] input: HDA Intel HDMI HDMI/DP,pcm=7 as /devices/pci0000:00/0000:00:03.0/sound/card0/input12
[   29.121250] input: HDA Intel HDMI HDMI/DP,pcm=8 as /devices/pci0000:00/0000:00:03.0/sound/card0/input13
[   29.121414] input: HDA Intel HDMI HDMI/DP,pcm=9 as /devices/pci0000:00/0000:00:03.0/sound/card0/input14
[   29.121546] input: HDA Intel HDMI HDMI/DP,pcm=10 as /devices/pci0000:00/0000:00:03.0/sound/card0/input15
[   29.201323] intel_rapl_common: Found RAPL domain package
[   29.201328] intel_rapl_common: Found RAPL domain core
[   29.201330] intel_rapl_common: Found RAPL domain uncore
[   29.201332] intel_rapl_common: Found RAPL domain dram
[   29.201339] intel_rapl_common: RAPL package-0 domain package locked by BIOS
[   29.377309] snd_hda_codec_realtek hdaudioC1D0: autoconfig for ALC282: line_outs=1 (0x14/0x0/0x0/0x0/0x0) type:speaker
[   29.377323] snd_hda_codec_realtek hdaudioC1D0:    speaker_outs=0 (0x0/0x0/0x0/0x0/0x0)
[   29.377329] snd_hda_codec_realtek hdaudioC1D0:    hp_outs=1 (0x21/0x0/0x0/0x0/0x0)
[   29.377334] snd_hda_codec_realtek hdaudioC1D0:    mono: mono_out=0x0
[   29.377337] snd_hda_codec_realtek hdaudioC1D0:    inputs:
[   29.377341] snd_hda_codec_realtek hdaudioC1D0:      Internal Mic=0x1b
[   29.377346] snd_hda_codec_realtek hdaudioC1D0:      Mic=0x19
[   29.390300] input: HDA Intel PCH Mic as /devices/pci0000:00/0000:00:1b.0/sound/card1/input16
[   29.390953] input: HDA Intel PCH Headphone as /devices/pci0000:00/0000:00:1b.0/sound/card1/input17
[   29.410502] usb 2-8: Found UVC 1.00 device HD WebCam (04f2:b3f6)
[   29.421922] input: HD WebCam: HD WebCam as /devices/pci0000:00/0000:00:14.0/usb2/2-8/2-8:1.0/input/input18
[   29.422157] usbcore: registered new interface driver uvcvideo
[   32.231598] mtd device must be supplied (device name is empty)
[   33.078296] audit: type=1400 audit(1656520563.128:2): apparmor="STATUS" operation="profile_load" profile="unconfined" name="nvidia_modprobe" pid=748 comm="apparmor_parser"
[   33.078309] audit: type=1400 audit(1656520563.128:3): apparmor="STATUS" operation="profile_load" profile="unconfined" name="nvidia_modprobe//kmod" pid=748 comm="apparmor_parser"
[   33.122268] audit: type=1400 audit(1656520563.172:4): apparmor="STATUS" operation="profile_load" profile="unconfined" name="lsb_release" pid=747 comm="apparmor_parser"
[   33.128186] mtd device must be supplied (device name is empty)
[   33.238764] audit: type=1400 audit(1656520563.292:5): apparmor="STATUS" operation="profile_load" profile="unconfined" name="/usr/lib/NetworkManager/nm-dhcp-client.action" pid=749 comm="apparmor_parser"
[   33.238773] audit: type=1400 audit(1656520563.292:6): apparmor="STATUS" operation="profile_load" profile="unconfined" name="/usr/lib/NetworkManager/nm-dhcp-helper" pid=749 comm="apparmor_parser"
[   33.238778] audit: type=1400 audit(1656520563.292:7): apparmor="STATUS" operation="profile_load" profile="unconfined" name="/usr/lib/connman/scripts/dhclient-script" pid=749 comm="apparmor_parser"
[   33.238782] audit: type=1400 audit(1656520563.292:8): apparmor="STATUS" operation="profile_load" profile="unconfined" name="/{,usr/}sbin/dhclient" pid=749 comm="apparmor_parser"
[   33.307441] audit: type=1400 audit(1656520563.360:9): apparmor="STATUS" operation="profile_load" profile="unconfined" name="swtpm" pid=758 comm="apparmor_parser"
[   33.334989] audit: type=1400 audit(1656520563.388:10): apparmor="STATUS" operation="profile_load" profile="unconfined" name="/usr/bin/evince" pid=750 comm="apparmor_parser"
[   33.334997] audit: type=1400 audit(1656520563.388:11): apparmor="STATUS" operation="profile_load" profile="unconfined" name="/usr/bin/evince//sanitized_helper" pid=750 comm="apparmor_parser"
[   33.515769] usb 2-5: New USB device found, idVendor=04ca, idProduct=300b, bcdDevice= 0.02
[   33.515775] usb 2-5: New USB device strings: Mfr=0, Product=0, SerialNumber=0
[   33.675234] mtd device must be supplied (device name is empty)
[   41.009401] Bluetooth: BNEP (Ethernet Emulation) ver 1.3
[   41.009409] Bluetooth: BNEP filters: protocol multicast
[   41.009418] Bluetooth: BNEP socket layer initialized
[   41.172812] NET: Registered PF_ALG protocol family
[   50.469986] loop24: detected capacity change from 0 to 8
[   53.022663] kauditd_printk_skb: 53 callbacks suppressed
[   53.022673] audit: type=1400 audit(1656520583.072:65): apparmor="DENIED" operation="open" profile="/usr/sbin/ntpd" name="/snap/bin/" pid=1067 comm="ntpd" requested_mask="r" denied_mask="r" fsuid=0 ouid=0
[   53.838091] audit: type=1400 audit(1656520583.888:66): apparmor="DENIED" operation="open" profile="/usr/sbin/ntpd" name="/etc/ssl/openssl.cnf" pid=1098 comm="ntpd" requested_mask="r" denied_mask="r" fsuid=0 ouid=0
[   55.691407] audit: type=1400 audit(1656520585.744:67): apparmor="DENIED" operation="capable" profile="/usr/sbin/cupsd" pid=1057 comm="cupsd" capability=12  capname="net_admin"
[   57.799217] wlp2s0: authenticate with 38:43:7d:bf:66:3e
[   57.814200] wlp2s0: send auth to 38:43:7d:bf:66:3e (try 1/3)
[   57.816176] wlp2s0: authenticated
[   57.818697] wlp2s0: associate with 38:43:7d:bf:66:3e (try 1/3)
[   57.836417] wlp2s0: RX AssocResp from 38:43:7d:bf:66:3e (capab=0x1411 status=0 aid=2)
[   57.836512] wlp2s0: associated
[   57.887179] wlp2s0: Limiting TX power to 20 (20 - 0) dBm as advertised by 38:43:7d:bf:66:3e
[   58.142852] IPv6: ADDRCONF(NETDEV_CHANGE): wlp2s0: link becomes ready
[   58.151050] bridge: filtering via arp/ip/ip6tables is no longer available by default. Update your scripts to load br_netfilter if you need this.
[   62.368689] vboxdrv: loading out-of-tree module taints kernel.
[   62.369083] vboxdrv: module verification failed: signature and/or required key missing - tainting kernel
[   62.376055] vboxdrv: Found 4 processor cores
[   62.394839] vboxdrv: TSC mode is Invariant, tentative frequency 2294685033 Hz
[   62.394843] vboxdrv: Successfully loaded version 6.1.34_Ubuntu r150636 (interface 0x00320000)
[   62.546174] VBoxNetFlt: Successfully started.
[   62.610510] VBoxNetAdp: Successfully started.
[   62.721786] audit: type=1400 audit(1656520592.772:68): apparmor="DENIED" operation="capable" profile="/usr/sbin/cups-browsed" pid=1340 comm="cups-browsed" capability=23  capname="sys_nice"
[   75.252440] audit: type=1400 audit(1656520605.304:69): apparmor="DENIED" operation="capable" profile="/snap/snapd/16010/usr/lib/snapd/snap-confine" pid=1651 comm="snap-confine" capability=12  capname="net_admin"
[   75.252462] audit: type=1400 audit(1656520605.304:70): apparmor="DENIED" operation="capable" profile="/snap/snapd/16010/usr/lib/snapd/snap-confine" pid=1651 comm="snap-confine" capability=38  capname="perfmon"
[   76.330526] audit: type=1400 audit(1656520606.380:71): apparmor="DENIED" operation="capable" profile="/snap/snapd/16010/usr/lib/snapd/snap-confine" pid=1651 comm="snap-confine" capability=4  capname="fsetid"
[   76.834577] audit: type=1400 audit(1656520606.884:72): apparmor="STATUS" operation="profile_load" profile="unconfined" name="docker-default" pid=1781 comm="apparmor_parser"
[   78.670850] audit: type=1400 audit(1656520608.724:73): apparmor="DENIED" operation="capable" profile="/snap/snapd/16010/usr/lib/snapd/snap-confine" pid=1796 comm="snap-confine" capability=12  capname="net_admin"
[   78.670863] audit: type=1400 audit(1656520608.724:74): apparmor="DENIED" operation="capable" profile="/snap/snapd/16010/usr/lib/snapd/snap-confine" pid=1796 comm="snap-confine" capability=38  capname="perfmon"
[   82.170464] audit: type=1400 audit(1656520612.220:75): apparmor="DENIED" operation="capable" profile="/snap/snapd/16010/usr/lib/snapd/snap-confine" pid=1889 comm="snap-confine" capability=12  capname="net_admin"
[   82.170477] audit: type=1400 audit(1656520612.220:76): apparmor="DENIED" operation="capable" profile="/snap/snapd/16010/usr/lib/snapd/snap-confine" pid=1889 comm="snap-confine" capability=38  capname="perfmon"
[   92.542578] Bridge firewalling registered
[   93.661325] Initializing XFRM netlink socket
[   98.134026] br-6bbc18a49b18: port 1(veth74388f5) entered blocking state
[   98.134034] br-6bbc18a49b18: port 1(veth74388f5) entered disabled state
[   98.134169] device veth74388f5 entered promiscuous mode
[   98.488637] br-6bbc18a49b18: port 2(vethc47bf5a) entered blocking state
[   98.488650] br-6bbc18a49b18: port 2(vethc47bf5a) entered disabled state
[   98.488880] device vethc47bf5a entered promiscuous mode
[   98.496046] br-6bbc18a49b18: port 2(vethc47bf5a) entered blocking state
[   98.496055] br-6bbc18a49b18: port 2(vethc47bf5a) entered forwarding state
[   98.496157] br-6bbc18a49b18: port 2(vethc47bf5a) entered disabled state
[   99.178016] br-6bbc18a49b18: port 3(vethf7f85cb) entered blocking state
[   99.178023] br-6bbc18a49b18: port 3(vethf7f85cb) entered disabled state
[   99.179384] device vethf7f85cb entered promiscuous mode
[   99.180181] br-6bbc18a49b18: port 3(vethf7f85cb) entered blocking state
[   99.180189] br-6bbc18a49b18: port 3(vethf7f85cb) entered forwarding state
[   99.180282] br-6bbc18a49b18: port 3(vethf7f85cb) entered disabled state
[  100.070063] br-6bbc18a49b18: port 4(veth2c01d12) entered blocking state
[  100.070072] br-6bbc18a49b18: port 4(veth2c01d12) entered disabled state
[  100.074565] device veth2c01d12 entered promiscuous mode
[  100.075889] br-6bbc18a49b18: port 4(veth2c01d12) entered blocking state
[  100.075896] br-6bbc18a49b18: port 4(veth2c01d12) entered forwarding state
[  100.075950] IPv6: ADDRCONF(NETDEV_CHANGE): br-6bbc18a49b18: link becomes ready
[  100.076099] br-6bbc18a49b18: port 4(veth2c01d12) entered disabled state
[  101.316061] br-6bbc18a49b18: port 5(vethbca0fc4) entered blocking state
[  101.316080] br-6bbc18a49b18: port 5(vethbca0fc4) entered disabled state
[  101.316439] device vethbca0fc4 entered promiscuous mode
[  108.227229] eth0: renamed from veth21ebf58
[  108.247040] IPv6: ADDRCONF(NETDEV_CHANGE): vethbca0fc4: link becomes ready
[  108.247097] br-6bbc18a49b18: port 5(vethbca0fc4) entered blocking state
[  108.247101] br-6bbc18a49b18: port 5(vethbca0fc4) entered forwarding state
[  108.947605] eth0: renamed from vethfbd90ea
[  108.979175] IPv6: ADDRCONF(NETDEV_CHANGE): vethf7f85cb: link becomes ready
[  108.979247] br-6bbc18a49b18: port 3(vethf7f85cb) entered blocking state
[  108.979253] br-6bbc18a49b18: port 3(vethf7f85cb) entered forwarding state
[  109.059447] eth0: renamed from veth8f3d1af
[  109.078976] IPv6: ADDRCONF(NETDEV_CHANGE): veth74388f5: link becomes ready
[  109.079042] br-6bbc18a49b18: port 1(veth74388f5) entered blocking state
[  109.079049] br-6bbc18a49b18: port 1(veth74388f5) entered forwarding state
[  109.123185] eth0: renamed from veth39c8608
[  109.151062] IPv6: ADDRCONF(NETDEV_CHANGE): vethc47bf5a: link becomes ready
[  109.151125] br-6bbc18a49b18: port 2(vethc47bf5a) entered blocking state
[  109.151132] br-6bbc18a49b18: port 2(vethc47bf5a) entered forwarding state
[  109.187310] eth0: renamed from vetha062d9a
[  109.211135] IPv6: ADDRCONF(NETDEV_CHANGE): veth2c01d12: link becomes ready
[  109.211194] br-6bbc18a49b18: port 4(veth2c01d12) entered blocking state
[  109.211200] br-6bbc18a49b18: port 4(veth2c01d12) entered forwarding state
[  130.046229] rfkill: input handler disabled
[  151.713490] rfkill: input handler enabled
[  153.199799] Bluetooth: RFCOMM TTY layer initialized
[  153.199820] Bluetooth: RFCOMM socket layer initialized
[  153.199833] Bluetooth: RFCOMM ver 1.11
[  166.287275] rfkill: input handler disabled
[  175.559549] audit: type=1326 audit(1656520706.104:77): auid=1000 uid=1000 gid=1000 ses=3 subj=? pid=3843 comm="snapd-desktop-i" exe="/snap/snapd-desktop-integration/14/bin/snapd-desktop-integration" sig=0 arch=c000003e syscall=314 compat=0 ip=0x7fd92550e73d code=0x50000
[  281.482811] vethfbd90ea: renamed from eth0
[  281.500121] br-6bbc18a49b18: port 3(vethf7f85cb) entered disabled state
[  281.817721] br-6bbc18a49b18: port 3(vethf7f85cb) entered disabled state
[  281.820089] device vethf7f85cb left promiscuous mode
[  281.820114] br-6bbc18a49b18: port 3(vethf7f85cb) entered disabled state
[  284.903444] br-6bbc18a49b18: port 3(veth7b841ee) entered blocking state
[  284.903450] br-6bbc18a49b18: port 3(veth7b841ee) entered disabled state
[  284.906276] device veth7b841ee entered promiscuous mode
[  286.388977] eth0: renamed from veth68b4a93
[  286.424597] IPv6: ADDRCONF(NETDEV_CHANGE): veth7b841ee: link becomes ready
[  286.424716] br-6bbc18a49b18: port 3(veth7b841ee) entered blocking state
[  286.424722] br-6bbc18a49b18: port 3(veth7b841ee) entered forwarding state
[  292.840069] veth68b4a93: renamed from eth0
[  292.868332] br-6bbc18a49b18: port 3(veth7b841ee) entered disabled state
[  293.207189] br-6bbc18a49b18: port 3(veth7b841ee) entered disabled state
[  293.208012] device veth7b841ee left promiscuous mode
[  293.208019] br-6bbc18a49b18: port 3(veth7b841ee) entered disabled state
[  295.158024] br-6bbc18a49b18: port 3(veth0f8e6e1) entered blocking state
[  295.158031] br-6bbc18a49b18: port 3(veth0f8e6e1) entered disabled state
[  295.158280] device veth0f8e6e1 entered promiscuous mode
[  296.224599] eth0: renamed from veth3a44357
[  296.244741] IPv6: ADDRCONF(NETDEV_CHANGE): veth0f8e6e1: link becomes ready
[  296.244846] br-6bbc18a49b18: port 3(veth0f8e6e1) entered blocking state
[  296.244852] br-6bbc18a49b18: port 3(veth0f8e6e1) entered forwarding state
[  301.863099] br-6bbc18a49b18: port 3(veth0f8e6e1) entered disabled state
[  301.863546] veth3a44357: renamed from eth0
[  302.018543] br-6bbc18a49b18: port 3(veth0f8e6e1) entered disabled state
[  302.019406] device veth0f8e6e1 left promiscuous mode
[  302.019412] br-6bbc18a49b18: port 3(veth0f8e6e1) entered disabled state
[  303.709218] br-6bbc18a49b18: port 3(vethfddefa8) entered blocking state
[  303.709225] br-6bbc18a49b18: port 3(vethfddefa8) entered disabled state
[  303.709434] device vethfddefa8 entered promiscuous mode
[  304.664801] eth0: renamed from veth9af48f0
[  304.680327] IPv6: ADDRCONF(NETDEV_CHANGE): vethfddefa8: link becomes ready
[  304.680431] br-6bbc18a49b18: port 3(vethfddefa8) entered blocking state
[  304.680436] br-6bbc18a49b18: port 3(vethfddefa8) entered forwarding state
[  414.545514] loop24: detected capacity change from 0 to 372464
[  441.790621] audit: type=1400 audit(1656520972.336:78): apparmor="STATUS" operation="profile_replace" info="same as current profile, skipping" profile="unconfined" name="/snap/snapd/16010/usr/lib/snapd/snap-confine" pid=5900 comm="apparmor_parser"
[  441.790632] audit: type=1400 audit(1656520972.336:79): apparmor="STATUS" operation="profile_replace" info="same as current profile, skipping" profile="unconfined" name="/snap/snapd/16010/usr/lib/snapd/snap-confine//mount-namespace-capture-helper" pid=5900 comm="apparmor_parser"
[  442.610731] audit: type=1400 audit(1656520973.156:80): apparmor="STATUS" operation="profile_replace" profile="unconfined" name="snap.postman.postman" pid=5902 comm="apparmor_parser"
[  442.621228] audit: type=1400 audit(1656520973.168:81): apparmor="STATUS" operation="profile_replace" info="same as current profile, skipping" profile="unconfined" name="snap-update-ns.postman" pid=5904 comm="apparmor_parser"
